 Включите режим энергосбережения. Для этого перейдите в **Настройки**, нажмите **Энергосбережение** и выберите **Умный **или **Энергосберегающий** режим. 

 ![](https://octodex.github.com/images/yaktocat.png) 

 Выключайте экран, когда не используете телефон. 

 Сократите время перехода телефона в спящий режим. 

 Уменьшите яркость экрана. 

 Уменьшите громкость. 

 Выключайте службу передачи данных, Bluetooth, Wi-Fi или GPS, когда не используете их. 

 Если время в режиме ожидания значительно сократилось, обратитесь в службу технической поддержки или в авторизованный сервисный центр компании Huawei. 

 Примечание: Рисунки в данном документе приведены для справки. Фактический внешний вид экрана может отличаться. 

 Закрывайте неиспользуемые приложения.